2026-07-29T13:57:39Z	better-decisions-come-from-better-criteria_early-career-boost	early-career-boost	frame review FAIL: scene-12 start node rendered 3x (clipped) in MP4 at ~76.5-81.5s; browser snapshot at same timestamp is clean -> render-stage defect, not authoring
2026-07-31T01:00:21Z	build-direction-before-you-build-a-plan_early-career-boost	early-career-boost	verify_render.py non-zero
2026-08-05T15:22:12Z	do-not-just-ask-what-ai-replaces_early-career-boost	early-career-boost	cloud render failed or timed out (hyperframes cloud render)
2026-08-05T15:25:06Z	mini-syllabus_early-career-boost	early-career-boost	the rendered MP4 failed post-render verification (verify_render.py)
2026-08-05T15:27:20Z	do-not-just-ask-what-ai-replaces_early-career-boost	early-career-boost	cloud render failed or timed out (hyperframes cloud render)
2026-08-05T15:29:56Z	do-not-just-ask-what-ai-replaces_early-career-boost	early-career-boost	cloud render failed or timed out (hyperframes cloud render)
2026-08-05T16:07:43Z	mini-syllabus_early-career-boost	early-career-boost	cloud render failed or timed out (hyperframes cloud render)
2026-08-05T16:10:19Z	mini-syllabus_early-career-boost	early-career-boost	cloud render failed or timed out (hyperframes cloud render)
2026-08-05T16:11:43Z	mini-syllabus_early-career-boost	early-career-boost	cloud render failed or timed out (hyperframes cloud render)
2026-08-05T16:48:04Z	mini-syllabus_early-career-boost	early-career-boost	cloud render failed or timed out (hyperframes cloud render)
2026-08-05T16:49:01Z	do-not-just-ask-what-ai-replaces_early-career-boost	early-career-boost	cloud render failed or timed out (hyperframes cloud render)
2026-08-05T22:49:54Z	how-to-make-strong-career-decisions_early-career-boost	early-career-boost	wistia-upload.sh failed
2026-08-05T22:50:50Z	how-to-make-strong-career-decisions_early-career-boost	early-career-boost	filed MP4 already exists: how-to-make-strong-career-decisions_early-career-boost_2026-08-05.mp4 (same-day re-publish?)
2026-08-05T23:05:20Z	do-not-just-ask-what-ai-replaces_early-career-boost	early-career-boost	cloud render failed or timed out (hyperframes cloud render)
2026-08-05T23:07:20Z	do-not-just-ask-what-ai-replaces_early-career-boost	early-career-boost	preflight rejected the plan (preflight.py)
2026-08-05T23:08:06Z	do-not-just-ask-what-ai-replaces_early-career-boost	early-career-boost	npm run render failed or timed out
2026-08-05T23:08:56Z	mini-syllabus_early-career-boost	early-career-boost	preflight rejected the plan (preflight.py)
2026-08-05T23:14:59Z	do-not-just-ask-what-ai-replaces_early-career-boost	early-career-boost	the rendered MP4 failed post-render verification (verify_render.py)
2026-08-05T23:16:00Z	do-not-just-ask-what-ai-replaces_early-career-boost	early-career-boost	cloud render failed or timed out (hyperframes cloud render)
2026-08-05T23:16:55Z	mini-syllabus_early-career-boost	early-career-boost	cloud render failed or timed out (hyperframes cloud render)
2026-08-05T23:58:56Z	mini-syllabus_early-career-boost	early-career-boost	cloud render failed or timed out (hyperframes cloud render)
2026-08-06T00:08:45Z	do-not-just-ask-what-ai-replaces_early-career-boost	early-career-boost	preflight rejected the plan (preflight.py)
2026-08-06T00:30:12Z	do-not-just-ask-what-ai-replaces_early-career-boost	early-career-boost	the rendered MP4 failed post-render verification (verify_render.py)
2026-08-06T01:11:19Z	do-not-just-ask-what-ai-replaces_early-career-boost	early-career-boost	npm run render failed or timed out
2026-08-06T01:42:19Z	do-not-just-ask-what-ai-replaces_early-career-boost	early-career-boost	npm run render failed or timed out
2026-08-06T16:01:14Z	m2_four-kinds-of-career-transition_career-transitions	career-transitions	preflight rejected the plan (preflight.py)
2026-08-06T16:16:16Z	m2_four-kinds-of-career-transition_career-transitions	career-transitions	the rendered MP4 failed post-render verification (verify_render.py)
2026-08-06T18:55:25Z	m2_four-kinds-of-career-transition_career-transitions	career-transitions	preflight rejected the plan (preflight.py)
2026-08-06T18:56:41Z	m2_four-kinds-of-career-transition_career-transitions	career-transitions	preflight rejected the plan (preflight.py)
2026-08-06T19:21:44Z	m2_four-kinds-of-career-transition_career-transitions	career-transitions	the rendered MP4 failed post-render verification (verify_render.py)
2026-08-06T19:23:26Z	m2_four-kinds-of-career-transition_career-transitions	career-transitions	the rendered MP4 failed post-render verification (verify_render.py)
2026-08-06T19:38:30Z	m2_four-kinds-of-career-transition_career-transitions	career-transitions	the rendered MP4 failed post-render verification (verify_render.py)
2026-08-06T19:59:03Z	m2_four-kinds-of-career-transition_career-transitions	career-transitions	preflight rejected the plan (preflight.py)
2026-08-06T20:24:55Z	m2_four-kinds-of-career-transition_career-transitions	career-transitions	safe local render failed or timed out
2026-08-06T20:27:06Z	m2_four-kinds-of-career-transition_career-transitions	career-transitions	preflight rejected the plan (preflight.py)
2026-08-06T21:13:08Z	m2_four-kinds-of-career-transition_career-transitions	career-transitions	safe local render failed or timed out
2026-08-06T23:42:43Z	m2_four-kinds-of-career-transition_career-transitions	career-transitions	cloud render failed or timed out (hyperframes cloud render)
2026-08-06T23:50:20Z	m2_four-kinds-of-career-transition_career-transitions	career-transitions	cloud render failed or timed out (hyperframes cloud render)
2026-08-07T01:00:05Z	m1_mini-syllabus	mid-career-momentum	no qa/VERIFIED marker — render+verify have not passed on the current MP4
2026-08-07T01:54:56Z	m0_welcome-to-mid-career-momentum	mid-career-momentum	wistia-upload.sh failed
2026-08-07T01:57:34Z	m0_welcome-to-mid-career-momentum	mid-career-momentum	filed MP4 already exists: m0_welcome-to-mid-career-momentum_2026-08-07.mp4 (same-day re-publish?)
2026-08-07T01:58:21Z	m0_welcome-to-mid-career-momentum	mid-career-momentum	wistia-upload.sh failed
2026-08-07T03:25:20Z	m2_four-kinds-of-career-transition_mid-career-momentum	mid-career-momentum	no qa/VERIFIED marker — render+verify have not passed on the current MP4
2026-08-07T16:51:36Z	m2_welcome-and-using-career-transitions-as-leaps-ahead	career-transitions	no qa/VERIFIED marker — render+verify have not passed on the current MP4
2026-08-07T16:53:16Z	m2_welcome-and-using-career-transitions-as-leaps-ahead	career-transitions	preflight rejected the plan (preflight.py)
2026-08-07T20:24:39Z	m2_welcome-and-using-career-transitions-as-leaps-ahead	career-transitions	preflight rejected the plan (preflight.py)
2026-08-07T20:27:30Z	m2_welcome-and-using-career-transitions-as-leaps-ahead	career-transitions	cloud render failed or timed out (hyperframes cloud render)
2026-08-08T15:24:54Z	m3_rewrite-your-linkedin-for-future-you	mid-career-momentum	low disk: 2140 MB free (<4096)
2026-08-08T15:43:39Z	m3_rewrite-your-linkedin-for-future-you	mid-career-momentum	preflight rejected the plan (preflight.py)
2026-08-08T15:45:16Z	m3_rewrite-your-linkedin-for-future-you	mid-career-momentum	preflight rejected the plan (preflight.py)
2026-08-08T15:46:10Z	m3_rewrite-your-linkedin-for-future-you	mid-career-momentum	preflight rejected the plan (preflight.py)
2026-08-08T15:49:13Z	m3_rewrite-your-linkedin-for-future-you	mid-career-momentum	the rendered MP4 failed post-render verification (verify_render.py)
2026-08-09T22:45:03Z	m5_testing-your-next-chapter	career-transitions	the rendered MP4 failed post-render verification (verify_render.py)
2026-08-09T22:56:02Z	m4_finding-new-peers-sponsors-and-opportunity-holders	mid-career-momentum	the rendered MP4 failed post-render verification (verify_render.py)
2026-08-09T22:58:13Z	m5_testing-your-next-chapter	career-transitions	the rendered MP4 failed post-render verification (verify_render.py)
2026-08-09T23:01:57Z	m3_choosing-your-solo-model	entrepreneur-accelerator	the rendered MP4 failed post-render verification (verify_render.py)
2026-08-09T23:04:43Z	m4_finding-new-peers-sponsors-and-opportunity-holders	mid-career-momentum	the rendered MP4 failed post-render verification (verify_render.py)
2026-08-10T15:46:11Z	m5_the-story-that-makes-the-change-legible	career-transitions	npm install failed
2026-08-10T15:55:24Z	m4_who-will-walk-this-next-chapter-with-you	mid-career-momentum	the rendered MP4 failed post-render verification (verify_render.py)
2026-08-10T16:00:09Z	m4_who-will-walk-this-next-chapter-with-you	mid-career-momentum	the rendered MP4 failed post-render verification (verify_render.py)
2026-08-10T18:20:26Z	m2_four-kinds-of-career-transition_career-transitions	career-transitions	low disk: 3104 MB free (<4096)
2026-08-10T18:48:30Z	m2_four-kinds-of-career-transition_mid-career-momentum	mid-career-momentum	preflight rejected the plan (preflight.py)
2026-08-10T18:49:53Z	m2_mid-career-mindsets-and-limiting-beliefs	mid-career-momentum	preflight rejected the plan (preflight.py)
2026-08-10T19:07:32Z	m2_mid-career-mindsets-and-limiting-beliefs	mid-career-momentum	low disk: 3262 MB free (<4096)
2026-08-10T19:08:18Z	m2_four-kinds-of-career-transition_mid-career-momentum	mid-career-momentum	low disk: 3254 MB free (<4096)
2026-08-10T19:10:07Z	m2_mid-career-mindsets-and-limiting-beliefs	mid-career-momentum	low disk: 3246 MB free (<4096)
2026-08-10T19:19:07Z	m2_mid-career-mindsets-and-limiting-beliefs	mid-career-momentum	the rendered MP4 failed post-render verification (verify_render.py)
2026-08-10T19:36:06Z	m2_four-kinds-of-career-transition_mid-career-momentum	mid-career-momentum	the rendered MP4 failed post-render verification (verify_render.py)
2026-08-10T19:37:29Z	m2_four-kinds-of-career-transition_mid-career-momentum	mid-career-momentum	low disk: 2900 MB free (<4096)
2026-08-10T19:45:41Z	m2_four-kinds-of-career-transition_mid-career-momentum	mid-career-momentum	low disk: 3551 MB free (<4096)
2026-08-10T19:48:09Z	m3_using-the-resume-builder-tool-pt2	mid-career-momentum	preflight rejected the plan (preflight.py)
2026-08-10T20:03:31Z	m4_building-your-carry-forward-inventory	career-transitions	npm install failed
2026-08-10T20:12:27Z	m7_your-reinvention-roadmap	career-transitions	preflight rejected the plan (preflight.py)
2026-08-10T20:48:58Z	m1_reframing-entrepreneurship-and-going-solo	entrepreneur-accelerator	the rendered MP4 failed post-render verification (verify_render.py)
2026-08-10T20:50:17Z	m1_reframing-entrepreneurship-and-going-solo	entrepreneur-accelerator	cloud render exited 0 but no MP4 landed in renders/
2026-08-10T20:53:25Z	m4_building-visibility-on-your-own	entrepreneur-accelerator	cloud render failed or timed out (hyperframes cloud render)
2026-08-10T20:57:49Z	m4_building-visibility-on-your-own	entrepreneur-accelerator	cloud render failed or timed out (hyperframes cloud render)
2026-08-10T20:59:23Z	m4_building-visibility-on-your-own	entrepreneur-accelerator	safe local render failed or timed out
2026-08-10T21:00:37Z	m4_building-visibility-on-your-own	entrepreneur-accelerator	safe local render failed or timed out
2026-08-10T21:01:49Z	m4_building-visibility-on-your-own	entrepreneur-accelerator	safe local render failed or timed out
2026-08-10T21:02:22Z	m4_building-visibility-on-your-own	entrepreneur-accelerator	safe local render failed or timed out
2026-08-10T21:14:05Z	m4_building-visibility-on-your-own	entrepreneur-accelerator	safe local render failed or timed out
2026-08-10T21:26:05Z	m4_building-visibility-on-your-own	entrepreneur-accelerator	post-render encode review is still required — no qa/ENCODE-REVIEW.json
2026-08-10T21:28:29Z	m4_building-visibility-on-your-own	entrepreneur-accelerator	preflight rejected the plan (preflight.py)
